Component: ARM Compiler 5.06 update 5 (build 528) Tool: armlink [4d35e2]

==============================================================================

Section Cross References

    sam9260.o(RESET) refers to sam9260.o(STACK) for Stack_Top
    sam9260.o(RESET) refers to entry.o(.ARM.Collect$$$$00000000) for __main
    bootloader.o(.text) refers to dflashhw.o(.text) for ReadPage_HW
    dflashhw.o(.text) refers to dflashhw.o(.data) for command
    entry.o(.ARM.Collect$$$$00000000) refers (Special) to entry10a.o(.ARM.Collect$$$$0000000D) for __rt_final_cpp
    entry.o(.ARM.Collect$$$$00000000) refers (Special) to entry11a.o(.ARM.Collect$$$$0000000F) for __rt_final_exit
    entry.o(.ARM.Collect$$$$00000000) refers (Special) to entry7b.o(.ARM.Collect$$$$00000008) for _main_clock
    entry.o(.ARM.Collect$$$$00000000) refers (Special) to entry8b.o(.ARM.Collect$$$$0000000A) for _main_cpp_init
    entry.o(.ARM.Collect$$$$00000000) refers (Special) to entry9a.o(.ARM.Collect$$$$0000000B) for _main_init
    entry.o(.ARM.Collect$$$$00000000) refers (Special) to entry5.o(.ARM.Collect$$$$00000004) for _main_scatterload
    entry.o(.ARM.Collect$$$$00000000) refers (Special) to entry2.o(.ARM.Collect$$$$00000001) for _main_stk
    entry2.o(.ARM.Collect$$$$00000001) refers to entry2.o(.ARM.Collect$$$$00002712) for __lit__00000000
    entry2.o(.ARM.Collect$$$$00002712) refers to sam9260.o(STACK) for __initial_sp
    entry5.o(.ARM.Collect$$$$00000004) refers to init.o(.text) for __scatterload
    entry9a.o(.ARM.Collect$$$$0000000B) refers to bootloader.o(.text) for main
    entry9b.o(.ARM.Collect$$$$0000000C) refers to bootloader.o(.text) for main
    init.o(.text) refers to entry5.o(.ARM.Collect$$$$00000004) for __main_after_scatterload


==============================================================================

Removing Unused input sections from the image.

    Removing sam9260.o(HEAP), (0 bytes).
    Removing bootloader.o(.constdata), (4 bytes).

2 unused section(s) (total 4 bytes) removed from the image.

==============================================================================

Image Symbol Table

    Local Symbols

    Symbol Name                              Value     Ov Type        Size  Object(Section)

    RESET                                    0x00000000   Section      696  sam9260.o(RESET)
    ../clib/microlib/init/entry.s            0x00000000   Number         0  entry2.o ABSOLUTE
    ../clib/microlib/init/entry.s            0x00000000   Number         0  entry5.o ABSOLUTE
    ../clib/microlib/init/entry.s            0x00000000   Number         0  entry11b.o ABSOLUTE
    ../clib/microlib/init/entry.s            0x00000000   Number         0  entry11a.o ABSOLUTE
    ../clib/microlib/init/entry.s            0x00000000   Number         0  entry10b.o ABSOLUTE
    ../clib/microlib/init/entry.s            0x00000000   Number         0  entry10a.o ABSOLUTE
    ../clib/microlib/init/entry.s            0x00000000   Number         0  entry9b.o ABSOLUTE
    ../clib/microlib/init/entry.s            0x00000000   Number         0  entry9a.o ABSOLUTE
    ../clib/microlib/init/entry.s            0x00000000   Number         0  entry8b.o ABSOLUTE
    ../clib/microlib/init/entry.s            0x00000000   Number         0  entry8a.o ABSOLUTE
    ../clib/microlib/init/entry.s            0x00000000   Number         0  entry7b.o ABSOLUTE
    ../clib/microlib/init/entry.s            0x00000000   Number         0  entry.o ABSOLUTE
    ../clib/microlib/init/entry.s            0x00000000   Number         0  entry7a.o ABSOLUTE
    Bootloader.c                             0x00000000   Number         0  bootloader.o ABSOLUTE
    DFlashHW.c                               0x00000000   Number         0  dflashhw.o ABSOLUTE
    SAM9260.s                                0x00000000   Number         0  sam9260.o ABSOLUTE
    dc.s                                     0x00000000   Number         0  dc.o ABSOLUTE
    handlers.s                               0x00000000   Number         0  handlers.o ABSOLUTE
    init.s                                   0x00000000   Number         0  init.o ABSOLUTE
    Undef_Handler                            0x00000040   ARM Code       4  sam9260.o(RESET)
    SWI_Handler                              0x00000044   ARM Code       4  sam9260.o(RESET)
    PAbt_Handler                             0x00000048   ARM Code       4  sam9260.o(RESET)
    DAbt_Handler                             0x0000004c   ARM Code       4  sam9260.o(RESET)
    IRQ_Handler                              0x00000050   ARM Code       4  sam9260.o(RESET)
    FIQ_Handler                              0x00000054   ARM Code       4  sam9260.o(RESET)
    .ARM.Collect$$$$00000000                 0x000002b8   Section        0  entry.o(.ARM.Collect$$$$00000000)
    .ARM.Collect$$$$00000001                 0x000002b8   Section        4  entry2.o(.ARM.Collect$$$$00000001)
    .ARM.Collect$$$$00000004                 0x000002bc   Section        4  entry5.o(.ARM.Collect$$$$00000004)
    .ARM.Collect$$$$00000008                 0x000002c0   Section        0  entry7b.o(.ARM.Collect$$$$00000008)
    .ARM.Collect$$$$0000000A                 0x000002c0   Section        0  entry8b.o(.ARM.Collect$$$$0000000A)
    .ARM.Collect$$$$0000000B                 0x000002c0   Section       12  entry9a.o(.ARM.Collect$$$$0000000B)
    .ARM.Collect$$$$0000000D                 0x000002cc   Section        0  entry10a.o(.ARM.Collect$$$$0000000D)
    .ARM.Collect$$$$0000000F                 0x000002cc   Section        0  entry11a.o(.ARM.Collect$$$$0000000F)
    .ARM.Collect$$$$00002712                 0x000002cc   Section        4  entry2.o(.ARM.Collect$$$$00002712)
    __lit__00000000                          0x000002cc   Data           4  entry2.o(.ARM.Collect$$$$00002712)
    .text                                    0x000002d0   Section        0  bootloader.o(.text)
    GetProgramSize                           0x000002d0   ARM Code      36  bootloader.o(.text)
    .text                                    0x000003ac   Section        0  dflashhw.o(.text)
    SwapU32                                  0x000003ac   ARM Code      24  dflashhw.o(.text)
    SendCommandDF                            0x000003c4   ARM Code     224  dflashhw.o(.text)
    .text                                    0x000008f0   Section       32  init.o(.text)
    i.__scatterload_copy                     0x00000910   Section       28  handlers.o(i.__scatterload_copy)
    i.__scatterload_null                     0x0000092c   Section        4  handlers.o(i.__scatterload_null)
    i.__scatterload_zeroinit                 0x00000930   Section       24  handlers.o(i.__scatterload_zeroinit)
    .data                                    0x00300e00   Section        8  dflashhw.o(.data)
    command                                  0x00300e00   Data           8  dflashhw.o(.data)
    STACK                                    0x00300e08   Section       80  sam9260.o(STACK)
    Stack_Top                                0x00300e58   Data           0  sam9260.o(STACK)

    Global Symbols

    Symbol Name                              Value     Ov Type        Size  Object(Section)

    BuildAttributes$$THM_ISAv2$ARM_ISAv5$E$P$J$S$PE$A:L22$X:L11$S22$IEEE1$IW$USESV6$~STKCKD$USESV7$~SHL$OSPACE$EBA8$MICROLIB$REQ8$PRES8$EABIv2 0x00000000   Number         0  anon$$obj.o ABSOLUTE
    __ARM_use_no_argv                        0x00000000   Number         0  bootloader.o ABSOLUTE
    __cpp_initialize__aeabi_                  - Undefined Weak Reference
    __cxa_finalize                            - Undefined Weak Reference
    __decompress                              - Undefined Weak Reference
    _clock_init                               - Undefined Weak Reference
    _microlib_exit                            - Undefined Weak Reference
    Image$$RW_IRAM1$$RW$$Length              0x00000008   Number         0  anon$$obj.o ABSOLUTE
    Reset_Handler                            0x00000058   ARM Code       0  sam9260.o(RESET)
    __main                                   0x000002b8   ARM Code       0  entry.o(.ARM.Collect$$$$00000000)
    _main_stk                                0x000002b8   ARM Code       0  entry2.o(.ARM.Collect$$$$00000001)
    _main_scatterload                        0x000002bc   ARM Code       0  entry5.o(.ARM.Collect$$$$00000004)
    __main_after_scatterload                 0x000002c0   ARM Code       0  entry5.o(.ARM.Collect$$$$00000004)
    _main_clock                              0x000002c0   ARM Code       0  entry7b.o(.ARM.Collect$$$$00000008)
    _main_cpp_init                           0x000002c0   ARM Code       0  entry8b.o(.ARM.Collect$$$$0000000A)
    _main_init                               0x000002c0   ARM Code       0  entry9a.o(.ARM.Collect$$$$0000000B)
    __rt_final_cpp                           0x000002cc   ARM Code       0  entry10a.o(.ARM.Collect$$$$0000000D)
    __rt_final_exit                          0x000002cc   ARM Code       0  entry11a.o(.ARM.Collect$$$$0000000F)
    main                                     0x000002f4   ARM Code     180  bootloader.o(.text)
    InitFlashController_HW                   0x000004a4   ARM Code     256  dflashhw.o(.text)
    UnInit_HW                                0x000005a4   ARM Code      72  dflashhw.o(.text)
    GetPageSize_HW                           0x000005ec   ARM Code       8  dflashhw.o(.text)
    ErasePage_HW                             0x000005f4   ARM Code     112  dflashhw.o(.text)
    EraseBlock_HW                            0x00000664   ARM Code     112  dflashhw.o(.text)
    EraseChip_HW                             0x000006d4   ARM Code     128  dflashhw.o(.text)
    ReadPage_HW                              0x00000754   ARM Code     116  dflashhw.o(.text)
    ProgramPage_HW                           0x000007c8   ARM Code     252  dflashhw.o(.text)
    CheckBlock_HW                            0x000008c4   ARM Code      12  dflashhw.o(.text)
    MarkBlockBad_HW                          0x000008d0   ARM Code      12  dflashhw.o(.text)
    __scatterload                            0x000008f1   Thumb Code    22  init.o(.text)
    __scatterload_rt2                        0x000008f1   Thumb Code     0  init.o(.text)
    __scatterload_copy                       0x00000910   ARM Code      28  handlers.o(i.__scatterload_copy)
    __scatterload_null                       0x0000092c   ARM Code       4  handlers.o(i.__scatterload_null)
    __scatterload_zeroinit                   0x00000930   ARM Code      24  handlers.o(i.__scatterload_zeroinit)
    Region$$Table$$Base                      0x00000948   Number         0  anon$$obj.o(Region$$Table)
    Image$$ER_IROM1$$RO$$Length              0x00000968   Number         0  anon$$obj.o ABSOLUTE
    Region$$Table$$Limit                     0x00000968   Number         0  anon$$obj.o(Region$$Table)
    __initial_sp                             0x00300e48   Data          16  sam9260.o(STACK)



==============================================================================

Memory Map of the image

  Image Entry point : 0x000002b8

  Load Region LR_IROM1 (Base: 0x00000000, Size: 0x00000970, Max: 0x00000e00, ABSOLUTE)

    Execution Region ER_IROM1 (Exec base: 0x00000000, Load base: 0x00000000, Size: 0x00000968, Max: 0x00000e00, ABSOLUTE)

    Exec Addr    Load Addr    Size         Type   Attr      Idx    E Section Name        Object

    0x00000000   0x00000000   0x000002b8   Code   RO            3    RESET               sam9260.o
    0x000002b8   0x000002b8   0x00000000   Code   RO           43  * .ARM.Collect$$$$00000000  mc_5.l(entry.o)
    0x000002b8   0x000002b8   0x00000004   Code   RO           46    .ARM.Collect$$$$00000001  mc_5.l(entry2.o)
    0x000002bc   0x000002bc   0x00000004   Code   RO           48    .ARM.Collect$$$$00000004  mc_5.l(entry5.o)
    0x000002c0   0x000002c0   0x00000000   Code   RO           50    .ARM.Collect$$$$00000008  mc_5.l(entry7b.o)
    0x000002c0   0x000002c0   0x00000000   Code   RO           52    .ARM.Collect$$$$0000000A  mc_5.l(entry8b.o)
    0x000002c0   0x000002c0   0x0000000c   Code   RO           53    .ARM.Collect$$$$0000000B  mc_5.l(entry9a.o)
    0x000002cc   0x000002cc   0x00000000   Code   RO           55    .ARM.Collect$$$$0000000D  mc_5.l(entry10a.o)
    0x000002cc   0x000002cc   0x00000000   Code   RO           57    .ARM.Collect$$$$0000000F  mc_5.l(entry11a.o)
    0x000002cc   0x000002cc   0x00000004   Code   RO           47    .ARM.Collect$$$$00002712  mc_5.l(entry2.o)
    0x000002d0   0x000002d0   0x000000dc   Code   RO            8    .text               bootloader.o
    0x000003ac   0x000003ac   0x00000544   Code   RO           29    .text               dflashhw.o
    0x000008f0   0x000008f0   0x00000020   Code   RO           59    .text               mc_5.l(init.o)
    0x00000910   0x00000910   0x0000001c   Code   RO           63    i.__scatterload_copy  mc_5.l(handlers.o)
    0x0000092c   0x0000092c   0x00000004   Code   RO           64    i.__scatterload_null  mc_5.l(handlers.o)
    0x00000930   0x00000930   0x00000018   Code   RO           65    i.__scatterload_zeroinit  mc_5.l(handlers.o)
    0x00000948   0x00000948   0x00000020   Data   RO           61    Region$$Table       anon$$obj.o


    Execution Region RW_IRAM1 (Exec base: 0x00300e00, Load base: 0x00000968, Size: 0x00000058, Max: 0x00000200, ABSOLUTE)

    Exec Addr    Load Addr    Size         Type   Attr      Idx    E Section Name        Object

    0x00300e00   0x00000968   0x00000008   Data   RW           30    .data               dflashhw.o
    0x00300e08        -       0x00000050   Zero   RW            1    STACK               sam9260.o


==============================================================================

Image component sizes


      Code (inc. data)   RO Data    RW Data    ZI Data      Debug   Object Name

       220          4          0          0          0       2343   bootloader.o
      1348         20          0          8          0       5087   dflashhw.o
       696         84          0          0         80        452   sam9260.o

    ----------------------------------------------------------------------
      2264        108         32          8         80       7882   Object Totals
         0          0         32          0          0          0   (incl. Generated)
         0          0          0          0          0          0   (incl. Padding)

    ----------------------------------------------------------------------

      Code (inc. data)   RO Data    RW Data    ZI Data      Debug   Library Member Name

         0          0          0          0          0          0   entry.o
         0          0          0          0          0          0   entry10a.o
         0          0          0          0          0          0   entry11a.o
         8          4          0          0          0          0   entry2.o
         4          0          0          0          0          0   entry5.o
         0          0          0          0          0          0   entry7b.o
         0          0          0          0          0          0   entry8b.o
        12          4          0          0          0          0   entry9a.o
        56          0          0          0          0          0   handlers.o
        32         10          0          0          0         68   init.o

    ----------------------------------------------------------------------
       112         18          0          0          0         68   Library Totals
         0          0          0          0          0          0   (incl. Padding)

    ----------------------------------------------------------------------

      Code (inc. data)   RO Data    RW Data    ZI Data      Debug   Library Name

       112         18          0          0          0         68   mc_5.l

    ----------------------------------------------------------------------
       112         18          0          0          0         68   Library Totals

    ----------------------------------------------------------------------

==============================================================================


      Code (inc. data)   RO Data    RW Data    ZI Data      Debug   

      2376        126         32          8         80       8102   Grand Totals
      2376        126         32          8         80       8102   ELF Image Totals
      2376        126         32          8          0          0   ROM Totals

==============================================================================

    Total RO  Size (Code + RO Data)                 2408 (   2.35kB)
    Total RW  Size (RW Data + ZI Data)                88 (   0.09kB)
    Total ROM Size (Code + RO Data + RW Data)       2416 (   2.36kB)

==============================================================================

